# The CloudGuru

cloud_user
OBFG8667qqae => CHANGED

35.176.248.249
172.31.35.161

dfd1c4cd1f084bbda962d1936d0808871c.mylabserver.com
dfd1c4cd1f084bbda962d1936d0808871d.mylabserver.com


```
cloud_user@dfd1c4cd1f084bbda962d1936d0808871c:~$ df -h
Filesystem       Size  Used Avail Use% Mounted on
/dev/root         20G  4.4G   15G  23% /
tmpfs            7.8G     0  7.8G   0% /dev/shm
tmpfs            3.1G  888K  3.1G   1% /run
tmpfs            5.0M     0  5.0M   0% /run/lock
/dev/nvme0n1p15  105M  6.1M   99M   6% /boot/efi
tmpfs            1.6G  4.0K  1.6G   1% /run/user/1001

cloud_user@dfd1c4cd1f084bbda962d1936d0808871c:~$ free
               total        used        free      shared  buff/cache   available
Mem:        16232268      316716    14570468         892     1345084    15622456
Swap:              0           0           0

root@dfd1c4cd1f084bbda962d1936d0808871c:/home/cloud_user# java --version
Command 'java' not found, but can be installed with:
apt install openjdk-11-jre-headless  # version 11.0.29+7-1ubuntu1~22.04, or
apt install default-jre              # version 2:1.11-72build2
apt install openjdk-17-jre-headless  # version 17.0.17+10-1~22.04
apt install openjdk-18-jre-headless  # version 18.0.2+9-2~22.04
apt install openjdk-21-jre-headless  # version 21.0.9+10-1~22.04
apt install openjdk-25-jre-headless  # version 25.0.1+8-1~22.04
apt install openjdk-8-jre-headless   # version 8u472-ga-1~22.04
```


